
> temp-ambira-web@0.1.0 build
> next build

   ▲ Next.js 15.5.4
   - Environments: .env.local
   - Experiments (use with caution):
     · clientTraceMetadata

   Creating an optimized production build ...
 ✓ Compiled successfully in 20.6s
   Skipping linting
   Checking validity of types ...
Failed to compile.

./src/components/PostCard.tsx:161:15
Type error: Property 'content' does not exist on type 'SessionWithDetails'.

[0m [90m 159 |[39m
 [90m 160 |[39m         {[90m/* Post Description */[39m}
[31m[1m>[22m[39m[90m 161 |[39m         {post[33m.[39mcontent [33m&&[39m (
 [90m     |[39m               [31m[1m^[22m[39m
 [90m 162 |[39m           [33m<[39m[33mdiv[39m className[33m=[39m[32m"mt-4"[39m[33m>[39m
 [90m 163 |[39m             [33m<[39m[33mp[39m className[33m=[39m[32m"text-gray-900 leading-relaxed whitespace-pre-wrap"[39m[33m>[39m
 [90m 164 |[39m               {post[33m.[39mcontent}[0m
Next.js build worker exited with code: 1 and signal: null
